// Jest Snapshot v1, https://goo.gl/fbAQLP

exports[`should render an ExpenseListItem correctly 1`] = `
<div>
  <Link
    to="/edit/2"
  >
    <h3>
       
      Rent
       
    </h3>
  </Link>
  <p>
     Amount : 
    $1,950.00
     
  </p>
  <p>
     Date : 
    28th December, 1969
     
  </p>
  <p>
     Note : 
     
  </p>
</div>
`;
